bool isGood(){
}
int isBad(boolptr a, char b, intptr c){
	int x;
	x = (1 + (2 / 3));
}