syntax error, unexpected ASSIGN, expecting SEMICOLON
