int main(){
	char y;
	FROMCONSOLE y;
	TOCONSOLE 5 + (toint(y));
	return 0;
}