FATAL [1,1]: Bad escape sequence in char literal
FATAL [2,4]: Unterminated string literal  with bad escape sequence ignored
FATAL [3,1]: String literal with bad escape sequence ignored