CHARLIT:a
CHARLIT:b
CHARLIT:c
CHARLIT:newline
CHARLIT:tab
CHARLIT: 
CHARLIT:x
CHARLIT:y
CHARLIT:z
EOF [1,29]
