[BEGIN GLOBALS]
[END GLOBALS]
[BEGIN main LOCALS]
a (local)
b (local)
c (local)
[END main LOCALS]
main:       enter main
            [a] := 8
            [b] := 6
            [a] := 6
            setret 6
lbl_0:      leave main
