ID:est [1,3]
ID:a123 [1,7]
INTLIT:123 [1,13]
ID:et [1,19]
ID:put [1,24]
ID:a [1,28]
ID:space [1,30]
ID:character [1,36]
ID:in [1,46]
ID:a [1,49]
CHAR [1,51]
ID:literal [1,56]
EOF [1,67]
