FATAL [7,13]: Multiply declared identifier
FATAL [10,10]: Multiply declared identifier
Name Analysis Failed
