FATAL [2,1]: Unterminated string literal ignored
FATAL [3,19]: Illegal character ?
FATAL [3,20]: Unterminated string literal ignored