FATAL [1,1]: Bad escape sequence in char literal
FATAL [1,8]: Bad escape sequence in char literal
