STRINGLIT:"Can I put a single quote ' in a string literal?" [1,1]
EOF [1,50]
