STRINGLIT:"Testing a very large integer to test int overflow error" [1,1]
INTLIT:2147483647 [2,1]
EOF [2,35]
