FATAL [1,52]: Unterminated string literal ignored
FATAL [2,17]: Unterminated string literal ignored