[BEGIN GLOBALS]
[END GLOBALS]
[BEGIN f LOCALS]
iptr (local)
bptr (local)
tmp0 (tmp)
tmp1 (tmp)
tmp2 (tmp)
tmp3 (tmp)
[END f LOCALS]
lbl_fun_f:  enter f
            [tmp0] := [iptr] ADD64 4
            tmp1 := [tmp0]
            [tmp1] := 16
            [tmp2] := [bptr] ADD64 4
            tmp3 := [tmp2]
            [tmp3] := 1
lbl_0:      leave f

