[BEGIN GLOBALS]
[END GLOBALS]
[BEGIN v LOCALS]
a (formal)
ptr (local)
tmp0 (tmp)
tmp1 (tmp)
tmp2 (tmp)
tmp3 (tmp)
tmp4 (tmp)
[END v LOCALS]
lbl_fun_v:  enter v
            getarg 1 [a]
            [tmp0] := a
            [ptr] := [tmp0]
            tmp1 := [ptr]
            [tmp1] := 12
            [tmp2] := [ptr] ADD64 4
            tmp3 := [tmp2]
            [tmp3] := 16
            tmp4 := [ptr]
            setret [tmp4]
            goto lbl_0
lbl_0:      leave v
