ID:his [1,3]
ID:is [1,7]
ID:a [1,10]
ID:test [1,12]
ID:of [1,17]
ID:escaping [1,20]
ID:inside [1,29]
ID:a [1,36]
ID:string [1,38]
ID:literal [1,45]
ID:with [1,53]
ID:an [1,58]
ID:additional [1,61]
ID:space [1,72]
ID:n [1,80]
ID:Hello [1,82]
ID:testing [1,88]
ID:testing [1,96]
EOF [1,103]
