STRINGLIT:"Testing empty char literal error" [1,1]
STRINGLIT:"Testing empty char escape error" [2,1]
STRINGLIT:"Testing inline comment" [3,1]
LPAREN [5,1]
TRUE [5,2]
RPAREN [5,6]
LCURLY [5,8]
INTLIT:123 [5,9]
RCURLY [5,12]
EOF [5,13]
