FATAL [1,36]: Empty character literal
FATAL [2,35]: Empty escape sequence in character literal
