FATAL [8,14]: Logical operator applied to non-bool operand
Type Analysis Failed
