FATAL [7,7]: Invalid assignment operation
FATAL [8,10]: Invalid equality operation
FATAL [9,23]: Bad return value
Type Analysis Failed
