FATAL [7,6]: Arithmetic operator applied to incompatible operands
FATAL [8,6]: Arithmetic operator applied to incompatible operands
Type Analysis Failed
