ID:an [1,3]
ID:I [1,6]
ID:put [1,8]
ID:a [1,12]
ID:single [1,14]
ID:quote [1,21]
ID:in [1,29]
ID:a [1,32]
ID:string [1,34]
ID:literal [1,41]
EOF [1,49]
